// Jest Snapshot v1, https://goo.gl/fbAQLP

exports[`jest-serializer-xlsx-populate ignores other data types 1`] = `
Object {
  "type": "not a workbook",
}
`;

exports[`jest-serializer-xlsx-populate saves a snapshot 1`] = `
Sheet1:

This is neat!
---
Sheet2:

Student  Grade
John     F
Sally    A+
Kim
---
Masks:

Date    Time    ID    some other dt  dt as text  barcode    field
<date>  <time>  <id>  <date>         <date>      <barcode>  My ID: <id>
---
Masks with subtotals and header:

Header
Date      Time    ID    some other dt  dt as text  barcode    field        field
Subtotal
<date>    <time>  <id>  <date>         <date>      <barcode>  My ID: <id>  My ID: <id> Second ID: <id>
---
Masks with numbers in header:

Header  0
x       x
---
Masks CAPITALIZED SUBHEADERS:

Header
START DATE  END DATE
<date>      <date>
---
Empty sheet:


---

`;
